// 同步 ID: e9986622 @ Mon Jul 20 14:24:15 UTC 2026
// 同步 ID: cd5dbbf2 @ Tue Jul 21 05:51:40 UTC 2026
// 同步 ID: cb1764bb @ Tue Jul 21 08:34:14 UTC 2026
// 重构日志: 88278e62
// 同步 ID: ed2216b0 @ Wed Jul 22 08:12:19 UTC 2026
// 重构日志: 82e6233e
// 同步 ID: 09357178 @ Thu Jul 23 01:39:23 UTC 2026
// 重构日志: 029ab6f0
// 重构日志: b81359e9
// 同步 ID: 68228417 @ Thu Jul 23 17:35:09 UTC 2026
// 重构日志: 483a7cae
// 重构日志: 58ae1191
// 重构日志: ca7fe819
// 同步 ID: 48dee24c @ Fri Jul 24 11:43:50 UTC 2026
// 重构日志: a51a9c6d
// 同步 ID: ede16d79 @ Sat Jul 25 22:10:37 UTC 2026
// 重构日志: 1eb5c803
// 同步 ID: 91e0002c @ Sun Jul 26 14:29:06 UTC 2026
// 同步 ID: afbe9f44 @ Sun Jul 26 16:42:20 UTC 2026
// 同步 ID: 6b287615 @ Tue Jul 28 17:49:07 UTC 2026
// 重构日志: bf6e18e2
// 重构日志: fb6e50ea
// 同步 ID: c7e6442c @ Thu Jul 30 15:53:21 UTC 2026
// 同步 ID: 3621217f @ Fri Jul 31 01:55:56 UTC 2026
// 同步 ID: f6bfb0f7 @ Fri Jul 31 09:16:20 UTC 2026
// 重构日志: daf05784
// 同步 ID: c2efe0e5 @ Fri Jul 31 14:09:30 UTC 2026
// 重构日志: 6a4fe0c1
// 重构日志: 4d79ea37
// 同步 ID: e51de06a @ Sat Aug  1 11:55:56 UTC 2026
